../Drivers/CMSIS/Include/core_cm7.h:2660:26:ITM_SendChar	16	static,ignoring_inline_asm
../Core/Src/main.c:138:5:main	312	static
../Core/Src/main.c:238:6:SystemClock_Config	120	static
../Core/Src/main.c:303:13:MX_SPI1_Init	8	static
../Core/Src/main.c:351:13:MX_GPIO_Init	64	static
../Core/Src/main.c:478:6:writeLCD	32	static
../Core/Src/main.c:493:6:writeLCDColour	24	static
../Core/Src/main.c:501:11:colourFromHex	24	static
../Core/Src/main.c:505:6:drawText	56	static
../Core/Src/main.c:548:6:drawTextCentered	32	static
../Core/Src/main.c:553:6:drawCharacter	56	static
../Core/Src/main.c:576:6:updateScreen	48	static
../Core/Src/main.c:595:6:updateRect	56	static
../Core/Src/main.c:614:6:addTextElement	48	static
../Core/Src/main.c:620:5:__io_putchar	16	static
../Core/Src/main.c:630:6:Error_Handler	4	static,ignoring_inline_asm
