../Core/Src/main.c:140:5:main	312	static
../Core/Src/main.c:242:6:SystemClock_Config	96	static
../Core/Src/main.c:287:13:MX_RTC_Init	8	static
../Core/Src/main.c:324:13:MX_SPI1_Init	8	static
../Core/Src/main.c:364:13:MX_GPIO_Init	48	static
../Core/Src/main.c:390:6:writeLCD	40	static
../Core/Src/main.c:405:6:writeLCDColour	24	static
../Core/Src/main.c:413:11:colourFromHex	32	static
../Core/Src/main.c:417:6:drawText	64	static
../Core/Src/main.c:460:6:drawTextCentered	32	static
../Core/Src/main.c:465:6:drawCharacter	64	static
../Core/Src/main.c:488:6:updateScreen	64	static
../Core/Src/main.c:507:6:updateRect	72	static
../Core/Src/main.c:526:6:addTextElement	48	static
../Core/Src/main.c:532:5:__io_putchar	16	static
../Core/Src/main.c:542:6:Error_Handler	8	static,ignoring_inline_asm
