../Core/Src/main.c:209:6:SystemClock_Config	128	static,ignoring_inline_asm
../Core/Src/main.c:449:6:writeLCD	32	static
../Core/Src/main.c:464:6:writeLCDColour	24	static
../Core/Src/main.c:472:11:colourFromHex	8	static
../Core/Src/main.c:498:6:drawCharacter	64	static
../Core/Src/main.c:476:6:drawText	48	static
../Core/Src/main.c:516:6:updateScreen	32	static
../Core/Src/main.c:114:5:main	336	static,ignoring_inline_asm
../Core/Src/main.c:529:5:__io_putchar	0	static,ignoring_inline_asm
../Core/Src/main.c:539:6:Error_Handler	0	static,ignoring_inline_asm
